<html>
<body>
<pre>
<h1>礦ision Build Log</h1>
<h2>Tool Versions:</h2>
IDE-Version: μVision V5.14.0.0
Copyright (C) 2015 ARM Ltd and ARM Germany GmbH. All rights reserved.
License Information: XIAO KANG, SONG, LIC=BUURY-IN33I-HLZCL-0QG1J-A0NQJ-L2N6S
 
Tool Versions:
Toolchain:       MDK-ARM Standard  Version: 5.14.0.0
Toolchain Path:  D:\Keil_v5\ARM\ARMCC\Bin
C Compiler:      Armcc.exe V5.05 update 1 (build 106)
Assembler:       Armasm.exe V5.05 update 1 (build 106)
Linker/Locator:  ArmLink.exe V5.05 update 1 (build 106)
Library Manager: ArmAr.exe V5.05 update 1 (build 106)
Hex Converter:   FromElf.exe V5.05 update 1 (build 106)
CPU DLL:         SARMCM3.DLL V5.14.0.0
Dialog DLL:      DARMSTM.DLL V1.65.0.0
Target DLL:      STLink\ST-LINKIII-KEIL_SWO.dll V2.0.14.0_KEIL
Dialog DLL:      TARMSTM.DLL V1.64.0.0
 
<h2>Project:</h2>
G:\桌面\人脸识别代码\最终程序\最终程序\USER\test.uvprojx
Project File Date:  03/10/2021

<h2>Output:</h2>
Build target 'Target 1'
assembling startup_stm32f10x_hd.s...
compiling test.c...
..\SYSTEM\usart\usart.h(40): warning:  #1295-D: Deprecated declaration USART1_Init - give arg types
  void USART1_Init();
..\user_defined\warning.h(10): warning:  #47-D: incompatible redefinition of macro "LED1" (declared at line 6 of "..\SYSTEM\LED\led.h")
  #define LED1  PEout(5)// PE5  
test.c(116): warning:  #260-D: explicit type is missing ("int" assumed)
                        static display1=2;
test.c(16): warning:  #177-D: variable "display1" was declared but never referenced
        u8 limt,left,right,chang=0,start,display,display1;
test.c: 4 warnings, 0 errors
compiling delay.c...
compiling sys.c...
compiling usart.c...
..\SYSTEM\usart\usart.h(40): warning:  #1295-D: Deprecated declaration USART1_Init - give arg types
  void USART1_Init();
..\SYSTEM\usart\usart.c: 1 warning, 0 errors
compiling mlx90614.c...
compiling stm32f10x_rcc.c...
compiling stm32f10x_gpio.c...
compiling oled.c...
compiling misc.c...
compiling stm32f10x_usart.c...
compiling timer.c...
..\SYSTEM\usart\usart.h(40): warning:  #1295-D: Deprecated declaration USART1_Init - give arg types
  void USART1_Init();
..\SYSTEM\TIMER\timer.c: 1 warning, 0 errors
compiling led.c...
compiling stm32f10x_tim.c...
compiling button.c...
compiling warning.c...
..\SYSTEM\LED\led.h(6): warning:  #47-D: incompatible redefinition of macro "LED1" (declared at line 10 of "..\user_defined\warning.h")
  #define LED1 PAout(5)// PA5   
..\user_defined\warning.c: 1 warning, 0 errors
linking...
Program Size: Code=10602 RO-data=6418 RW-data=52 ZI-data=2356  
FromELF: creating hex file...
"..\OBJ\test.axf" - 0 Error(s), 7 Warning(s).

<h2>Collection of Component include folders:</h2>
  G:\桌面\人脸识别代码\最终程序\最终程序\USER\RTE
  D:\Keil_v5\ARM\PACK\Keil\STM32F1xx_DFP\1.0.5\Device\Include

<h2>Collection of Component Files used:</h2>
</pre>
</body>
</html>
